$ "env" "DATA=/home/gannonh/.katacode/tmp/kat3393-uat-data" "EP=http://127.0.0.1:7717" "OUT=docs/verification/verify-agentis/kat-3393-20260916-222934/responses/status-after-stop-all.json" "mise" "exec" "--" "node" "--input-type=module" "-e" "import { readFileSync, writeFileSync } from \"node:fs\"; const owner = JSON.parse(readFileSync(`${process.env.DATA}/owner.token`, \"utf8\")); const response = await fetch(`${process.env.EP}/v1/status`, { headers: { authorization: `Bearer ${owner.token}` } }); const status = await response.json(); writeFileSync(process.env.OUT, `${JSON.stringify(status, null, 2)}\\n`); console.log(JSON.stringify({ httpStatus: response.status, stopAll: status.stopAll, runs: status.runs.map((run) => ({ id: run.id, status: run.status, completedAt: run.completedAt })), tasks: status.tasks.map((task) => ({ id: task.id, status: task.status, updatedAt: task.updatedAt })), stopAllMessages: status.messages.filter((m) => m.body === \"Stop all canceled this run.\").length }, null, 2));"
cwd: /home/gannonh/.katacode/worktrees/agentis/katacode-c776e61e
started_at: 2026-09-16T22:39:51.022Z

{
  "httpStatus": 200,
  "stopAll": true,
  "runs": [
    {
      "id": "a248be0a-8859-43b4-9199-f5b5cc303a83",
      "status": "canceled",
      "completedAt": 1789598379819
    },
    {
      "id": "5fd93c80-3b83-4931-903a-dcf28e8c2be5",
      "status": "canceled",
      "completedAt": 1789598390967
    }
  ],
  "tasks": [
    {
      "id": "18fe3bf6-91e1-440b-8b12-d87626b08d17",
      "status": "canceled",
      "updatedAt": 1789598379819
    },
    {
      "id": "9dafa281-952a-483f-b3e7-bfa0bf833248",
      "status": "canceled",
      "updatedAt": 1789598390967
    }
  ],
  "stopAllMessages": 1
}

exit_code: 0
finished_at: 2026-09-16T22:39:51.087Z
